Archive member included because of file (symbol)

/home/wsj/share/code/gcc-linaro-aarch64-linux-gnu-4.9-2014.07_linux/bin/../aarch64-linux-gnu/libc/usr/lib/aarch64-linux-gnu/libc_nonshared.a(elf-init.oS)
                              /home/wsj/share/code/gcc-linaro-aarch64-linux-gnu-4.9-2014.07_linux/bin/../aarch64-linux-gnu/libc/usr/lib/aarch64-linux-gnu/crt1.o (__libc_csu_init)

Memory Configuration

Name             Origin             Length             Attributes
*default*        0x0000000000000000 0xffffffffffffffff

Linker script and memory map

LOAD /home/wsj/share/code/gcc-linaro-aarch64-linux-gnu-4.9-2014.07_linux/bin/../aarch64-linux-gnu/libc/usr/lib/aarch64-linux-gnu/crt1.o
LOAD /home/wsj/share/code/gcc-linaro-aarch64-linux-gnu-4.9-2014.07_linux/bin/../aarch64-linux-gnu/libc/usr/lib/aarch64-linux-gnu/crti.o
LOAD /home/wsj/share/code/gcc-linaro-aarch64-linux-gnu-4.9-2014.07_linux/bin/../lib/gcc/aarch64-linux-gnu/4.9.1/crtbegin.o
LOAD out/Adu/obj/sw/socket/src/socket_server.o
LOAD /home/wsj/share/code/gcc-linaro-aarch64-linux-gnu-4.9-2014.07_linux/bin/../aarch64-linux-gnu/libc/usr/lib/aarch64-linux-gnu/libpthread.so
START GROUP
LOAD /home/wsj/share/code/gcc-linaro-aarch64-linux-gnu-4.9-2014.07_linux/bin/../aarch64-linux-gnu/libc/lib/aarch64-linux-gnu/libpthread.so.0
LOAD /home/wsj/share/code/gcc-linaro-aarch64-linux-gnu-4.9-2014.07_linux/bin/../aarch64-linux-gnu/libc/usr/lib/aarch64-linux-gnu/libpthread_nonshared.a
END GROUP
LOAD /home/wsj/share/code/gcc-linaro-aarch64-linux-gnu-4.9-2014.07_linux/bin/../aarch64-linux-gnu/libc/usr/lib/aarch64-linux-gnu/librt.so
LOAD /home/wsj/share/code/gcc-linaro-aarch64-linux-gnu-4.9-2014.07_linux/bin/../lib/gcc/aarch64-linux-gnu/4.9.1/../../../../aarch64-linux-gnu/lib/libstdc++.so
LOAD /home/wsj/share/code/gcc-linaro-aarch64-linux-gnu-4.9-2014.07_linux/bin/../aarch64-linux-gnu/libc/usr/lib/aarch64-linux-gnu/libm.so
LOAD /home/wsj/share/code/gcc-linaro-aarch64-linux-gnu-4.9-2014.07_linux/bin/../lib/gcc/aarch64-linux-gnu/4.9.1/../../../../aarch64-linux-gnu/lib/libgcc_s.so
LOAD /home/wsj/share/code/gcc-linaro-aarch64-linux-gnu-4.9-2014.07_linux/bin/../lib/gcc/aarch64-linux-gnu/4.9.1/libgcc.a
LOAD /home/wsj/share/code/gcc-linaro-aarch64-linux-gnu-4.9-2014.07_linux/bin/../aarch64-linux-gnu/libc/usr/lib/aarch64-linux-gnu/libc.so
START GROUP
LOAD /home/wsj/share/code/gcc-linaro-aarch64-linux-gnu-4.9-2014.07_linux/bin/../aarch64-linux-gnu/libc/lib/aarch64-linux-gnu/libc.so.6
LOAD /home/wsj/share/code/gcc-linaro-aarch64-linux-gnu-4.9-2014.07_linux/bin/../aarch64-linux-gnu/libc/usr/lib/aarch64-linux-gnu/libc_nonshared.a
LOAD /home/wsj/share/code/gcc-linaro-aarch64-linux-gnu-4.9-2014.07_linux/bin/../aarch64-linux-gnu/libc/lib/ld-linux-aarch64.so.1
END GROUP
LOAD /home/wsj/share/code/gcc-linaro-aarch64-linux-gnu-4.9-2014.07_linux/bin/../lib/gcc/aarch64-linux-gnu/4.9.1/../../../../aarch64-linux-gnu/lib/libgcc_s.so
LOAD /home/wsj/share/code/gcc-linaro-aarch64-linux-gnu-4.9-2014.07_linux/bin/../lib/gcc/aarch64-linux-gnu/4.9.1/libgcc.a
LOAD /home/wsj/share/code/gcc-linaro-aarch64-linux-gnu-4.9-2014.07_linux/bin/../lib/gcc/aarch64-linux-gnu/4.9.1/crtend.o
LOAD /home/wsj/share/code/gcc-linaro-aarch64-linux-gnu-4.9-2014.07_linux/bin/../aarch64-linux-gnu/libc/usr/lib/aarch64-linux-gnu/crtn.o
                0x0000000000400000                PROVIDE (__executable_start, 0x400000)
                0x00000000004001c8                . = (0x400000 + SIZEOF_HEADERS)

.interp         0x00000000004001c8       0x1b
 *(.interp)
 .interp        0x00000000004001c8       0x1b /home/wsj/share/code/gcc-linaro-aarch64-linux-gnu-4.9-2014.07_linux/bin/../aarch64-linux-gnu/libc/usr/lib/aarch64-linux-gnu/crt1.o

.note.ABI-tag   0x00000000004001e4       0x20
 .note.ABI-tag  0x00000000004001e4       0x20 /home/wsj/share/code/gcc-linaro-aarch64-linux-gnu-4.9-2014.07_linux/bin/../aarch64-linux-gnu/libc/usr/lib/aarch64-linux-gnu/crt1.o

.note.gnu.build-id
                0x0000000000400204       0x24
 *(.note.gnu.build-id)
 .note.gnu.build-id
                0x0000000000400204       0x24 linker stubs

.hash           0x0000000000400228      0x140
 *(.hash)
 .hash          0x0000000000400228      0x140 /home/wsj/share/code/gcc-linaro-aarch64-linux-gnu-4.9-2014.07_linux/bin/../aarch64-linux-gnu/libc/usr/lib/aarch64-linux-gnu/crt1.o

.gnu.hash
 *(.gnu.hash)

.dynsym         0x0000000000400368      0x3d8
 *(.dynsym)
 .dynsym        0x0000000000400368      0x3d8 /home/wsj/share/code/gcc-linaro-aarch64-linux-gnu-4.9-2014.07_linux/bin/../aarch64-linux-gnu/libc/usr/lib/aarch64-linux-gnu/crt1.o

.dynstr         0x0000000000400740      0x1f1
 *(.dynstr)
 .dynstr        0x0000000000400740      0x1f1 /home/wsj/share/code/gcc-linaro-aarch64-linux-gnu-4.9-2014.07_linux/bin/../aarch64-linux-gnu/libc/usr/lib/aarch64-linux-gnu/crt1.o

.gnu.version    0x0000000000400932       0x52
 *(.gnu.version)
 .gnu.version   0x0000000000400932       0x52 /home/wsj/share/code/gcc-linaro-aarch64-linux-gnu-4.9-2014.07_linux/bin/../aarch64-linux-gnu/libc/usr/lib/aarch64-linux-gnu/crt1.o

.gnu.version_d  0x0000000000400988        0x0
 *(.gnu.version_d)
 .gnu.version_d
                0x0000000000000000        0x0 /home/wsj/share/code/gcc-linaro-aarch64-linux-gnu-4.9-2014.07_linux/bin/../aarch64-linux-gnu/libc/usr/lib/aarch64-linux-gnu/crt1.o

.gnu.version_r  0x0000000000400988       0x40
 *(.gnu.version_r)
 .gnu.version_r
                0x0000000000400988       0x40 /home/wsj/share/code/gcc-linaro-aarch64-linux-gnu-4.9-2014.07_linux/bin/../aarch64-linux-gnu/libc/usr/lib/aarch64-linux-gnu/crt1.o

.rela.dyn       0x00000000004009c8       0x90
 *(.rela.init)
 *(.rela.text .rela.text.* .rela.gnu.linkonce.t.*)
 *(.rela.fini)
 *(.rela.rodata .rela.rodata.* .rela.gnu.linkonce.r.*)
 *(.rela.data .rela.data.* .rela.gnu.linkonce.d.*)
 *(.rela.tdata .rela.tdata.* .rela.gnu.linkonce.td.*)
 *(.rela.tbss .rela.tbss.* .rela.gnu.linkonce.tb.*)
 *(.rela.ctors)
 *(.rela.dtors)
 *(.rela.got)
 .rela.got      0x00000000004009c8       0x90 /home/wsj/share/code/gcc-linaro-aarch64-linux-gnu-4.9-2014.07_linux/bin/../aarch64-linux-gnu/libc/usr/lib/aarch64-linux-gnu/crt1.o
 *(.rela.bss .rela.bss.* .rela.gnu.linkonce.b.*)
 .rela.bss      0x0000000000000000        0x0 /home/wsj/share/code/gcc-linaro-aarch64-linux-gnu-4.9-2014.07_linux/bin/../aarch64-linux-gnu/libc/usr/lib/aarch64-linux-gnu/crt1.o
 *(.rela.ifunc)

.rela.plt       0x0000000000400a58      0x300
 *(.rela.plt)
 .rela.plt      0x0000000000400a58      0x300 /home/wsj/share/code/gcc-linaro-aarch64-linux-gnu-4.9-2014.07_linux/bin/../aarch64-linux-gnu/libc/usr/lib/aarch64-linux-gnu/crt1.o
                0x0000000000400d58                PROVIDE (__rela_iplt_start, .)
 *(.rela.iplt)
 .rela.iplt     0x0000000000000000        0x0 /home/wsj/share/code/gcc-linaro-aarch64-linux-gnu-4.9-2014.07_linux/bin/../aarch64-linux-gnu/libc/usr/lib/aarch64-linux-gnu/crt1.o
                0x0000000000400d58                PROVIDE (__rela_iplt_end, .)

.init           0x0000000000400d58       0x14
 *(SORT(.init))
 .init          0x0000000000400d58        0xc /home/wsj/share/code/gcc-linaro-aarch64-linux-gnu-4.9-2014.07_linux/bin/../aarch64-linux-gnu/libc/usr/lib/aarch64-linux-gnu/crti.o
                0x0000000000400d58                _init
 .init          0x0000000000400d64        0x8 /home/wsj/share/code/gcc-linaro-aarch64-linux-gnu-4.9-2014.07_linux/bin/../aarch64-linux-gnu/libc/usr/lib/aarch64-linux-gnu/crtn.o

.plt            0x0000000000400d70      0x220
 *(.plt)
 .plt           0x0000000000400d70      0x220 /home/wsj/share/code/gcc-linaro-aarch64-linux-gnu-4.9-2014.07_linux/bin/../aarch64-linux-gnu/libc/usr/lib/aarch64-linux-gnu/crt1.o
                0x0000000000400d90                unlink@@GLIBC_2.17
                0x0000000000400da0                __libc_start_main@@GLIBC_2.17
                0x0000000000400db0                epoll_ctl@@GLIBC_2.17
                0x0000000000400dc0                sscanf@@GLIBC_2.17
                0x0000000000400de0                socket@@GLIBC_2.17
                0x0000000000400df0                strncpy@@GLIBC_2.17
                0x0000000000400e00                abort@@GLIBC_2.17
                0x0000000000400e10                pthread_join@@GLIBC_2.17
                0x0000000000400e20                __errno_location@@GLIBC_2.17
                0x0000000000400e30                recv@@GLIBC_2.17
                0x0000000000400e40                read@@GLIBC_2.17
                0x0000000000400e50                perror@@GLIBC_2.17
                0x0000000000400e60                listen@@GLIBC_2.17
                0x0000000000400e70                write@@GLIBC_2.17
                0x0000000000400e80                send@@GLIBC_2.17
                0x0000000000400e90                bind@@GLIBC_2.17
                0x0000000000400ea0                pthread_create@@GLIBC_2.17
                0x0000000000400eb0                epoll_create1@@GLIBC_2.17
                0x0000000000400ec0                calloc@@GLIBC_2.17
                0x0000000000400ed0                setsockopt@@GLIBC_2.17
                0x0000000000400ee0                strchr@@GLIBC_2.17
                0x0000000000400ef0                accept@@GLIBC_2.17
                0x0000000000400f00                free@@GLIBC_2.17
                0x0000000000400f10                puts@@GLIBC_2.17
                0x0000000000400f20                epoll_wait@@GLIBC_2.17
                0x0000000000400f30                fwrite@@GLIBC_2.17
                0x0000000000400f40                printf@@GLIBC_2.17
                0x0000000000400f50                close@@GLIBC_2.17
                0x0000000000400f60                connect@@GLIBC_2.17
                0x0000000000400f70                strlen@@GLIBC_2.17
                0x0000000000400f80                memset@@GLIBC_2.17
 *(.iplt)
 .iplt          0x0000000000000000        0x0 /home/wsj/share/code/gcc-linaro-aarch64-linux-gnu-4.9-2014.07_linux/bin/../aarch64-linux-gnu/libc/usr/lib/aarch64-linux-gnu/crt1.o

.text           0x0000000000400f90      0xab0
 *(.text.unlikely .text.*_unlikely .text.unlikely.*)
 *(.text.exit .text.exit.*)
 *(.text.startup .text.startup.*)
 .text.startup.main
                0x0000000000400f90      0x3b8 out/Adu/obj/sw/socket/src/socket_server.o
                0x0000000000400f90                main
 *(.text.hot .text.hot.*)
 *(.text .stub .text.* .gnu.linkonce.t.*)
 .text          0x0000000000401348       0x48 /home/wsj/share/code/gcc-linaro-aarch64-linux-gnu-4.9-2014.07_linux/bin/../aarch64-linux-gnu/libc/usr/lib/aarch64-linux-gnu/crt1.o
                0x0000000000401348                _start
 .text          0x0000000000401390       0x14 /home/wsj/share/code/gcc-linaro-aarch64-linux-gnu-4.9-2014.07_linux/bin/../aarch64-linux-gnu/libc/usr/lib/aarch64-linux-gnu/crti.o
 *fill*         0x00000000004013a4        0x4 00000000
 .text          0x00000000004013a8       0xf8 /home/wsj/share/code/gcc-linaro-aarch64-linux-gnu-4.9-2014.07_linux/bin/../lib/gcc/aarch64-linux-gnu/4.9.1/crtbegin.o
 .text          0x00000000004014a0        0x0 out/Adu/obj/sw/socket/src/socket_server.o
 .text._Z20transfor_socket_dataPcii
                0x00000000004014a0      0x1f4 out/Adu/obj/sw/socket/src/socket_server.o
                0x00000000004014a0                transfor_socket_data(char*, int, int)
 .text._Z18socket_data_handlePv
                0x0000000000401694      0x118 out/Adu/obj/sw/socket/src/socket_server.o
                0x0000000000401694                socket_data_handle(void*)
 .text._Z11accept_connii
                0x00000000004017ac       0xfc out/Adu/obj/sw/socket/src/socket_server.o
                0x00000000004017ac                accept_conn(int, int)
 .text._Z15create_and_bindPKc
                0x00000000004018a8      0x11c out/Adu/obj/sw/socket/src/socket_server.o
                0x00000000004018a8                create_and_bind(char const*)
 .text          0x00000000004019c4       0x7c /home/wsj/share/code/gcc-linaro-aarch64-linux-gnu-4.9-2014.07_linux/bin/../aarch64-linux-gnu/libc/usr/lib/aarch64-linux-gnu/libc_nonshared.a(elf-init.oS)
                0x00000000004019c4                __libc_csu_init
                0x0000000000401a3c                __libc_csu_fini
 .text          0x0000000000401a40        0x0 /home/wsj/share/code/gcc-linaro-aarch64-linux-gnu-4.9-2014.07_linux/bin/../lib/gcc/aarch64-linux-gnu/4.9.1/crtend.o
 .text          0x0000000000401a40        0x0 /home/wsj/share/code/gcc-linaro-aarch64-linux-gnu-4.9-2014.07_linux/bin/../aarch64-linux-gnu/libc/usr/lib/aarch64-linux-gnu/crtn.o
 *(.gnu.warning)

.fini           0x0000000000401a40       0x10
 *(SORT(.fini))
 .fini          0x0000000000401a40        0x8 /home/wsj/share/code/gcc-linaro-aarch64-linux-gnu-4.9-2014.07_linux/bin/../aarch64-linux-gnu/libc/usr/lib/aarch64-linux-gnu/crti.o
                0x0000000000401a40                _fini
 .fini          0x0000000000401a48        0x8 /home/wsj/share/code/gcc-linaro-aarch64-linux-gnu-4.9-2014.07_linux/bin/../aarch64-linux-gnu/libc/usr/lib/aarch64-linux-gnu/crtn.o
                0x0000000000401a50                PROVIDE (__etext, .)
                0x0000000000401a50                PROVIDE (_etext, .)
                0x0000000000401a50                PROVIDE (etext, .)

.rodata         0x0000000000401a50      0x398
 *(.rodata .rodata.* .gnu.linkonce.r.*)
 .rodata.cst4   0x0000000000401a50        0x4 /home/wsj/share/code/gcc-linaro-aarch64-linux-gnu-4.9-2014.07_linux/bin/../aarch64-linux-gnu/libc/usr/lib/aarch64-linux-gnu/crt1.o
                0x0000000000401a50                _IO_stdin_used
 *fill*         0x0000000000401a54        0x4 
 .rodata.str1.8
                0x0000000000401a58      0x390 out/Adu/obj/sw/socket/src/socket_server.o

.rodata1
 *(.rodata1)

.eh_frame_hdr   0x0000000000401de8       0x34
 *(.eh_frame_hdr)
 .eh_frame_hdr  0x0000000000401de8       0x34 out/Adu/obj/sw/socket/src/socket_server.o

.eh_frame       0x0000000000401e20      0x1cc
 *(.eh_frame)
 .eh_frame      0x0000000000401e20      0x1c8 out/Adu/obj/sw/socket/src/socket_server.o
                                        0x1c0 (size before relaxing)
 .eh_frame      0x0000000000401fe8        0x4 /home/wsj/share/code/gcc-linaro-aarch64-linux-gnu-4.9-2014.07_linux/bin/../lib/gcc/aarch64-linux-gnu/4.9.1/crtend.o

.gcc_except_table
 *(.gcc_except_table .gcc_except_table.*)

.exception_ranges
 *(.exception_ranges .exception_ranges*)
                0x0000000000401fec                . = (ALIGN (0x10000) - ((0x10000 - .) & 0xffff))
                0x0000000000412000                . = DATA_SEGMENT_ALIGN (0x10000, 0x1000)

.eh_frame
 *(.eh_frame)

.gcc_except_table
 *(.gcc_except_table .gcc_except_table.*)

.exception_ranges
 *(.exception_ranges .exception_ranges*)

.tdata
 *(.tdata .tdata.* .gnu.linkonce.td.*)

.tbss
 *(.tbss .tbss.* .gnu.linkonce.tb.*)
 *(.tcommon)

.preinit_array  0x0000000000412000        0x0
                0x0000000000412000                PROVIDE (__preinit_array_start, .)
 *(.preinit_array)
                0x0000000000412000                PROVIDE (__preinit_array_end, .)

.init_array     0x0000000000412000        0x8
                0x0000000000412000                PROVIDE (__init_array_start, .)
 *(SORT(.init_array.*))
 *(.init_array)
 .init_array    0x0000000000412000        0x8 /home/wsj/share/code/gcc-linaro-aarch64-linux-gnu-4.9-2014.07_linux/bin/../lib/gcc/aarch64-linux-gnu/4.9.1/crtbegin.o
                0x0000000000412008                PROVIDE (__init_array_end, .)

.fini_array     0x0000000000412008        0x8
                0x0000000000412008                PROVIDE (__fini_array_start, .)
 *(SORT(.fini_array.*))
 *(.fini_array)
 .fini_array    0x0000000000412008        0x8 /home/wsj/share/code/gcc-linaro-aarch64-linux-gnu-4.9-2014.07_linux/bin/../lib/gcc/aarch64-linux-gnu/4.9.1/crtbegin.o
                0x0000000000412010                PROVIDE (__fini_array_end, .)

.ctors
 *crtbegin.o(.ctors)
 *crtbegin?.o(.ctors)
 *(EXCLUDE_FILE(*crtend?.o *crtend.o) .ctors)
 *(SORT(.ctors.*))
 *(.ctors)

.dtors
 *crtbegin.o(.dtors)
 *crtbegin?.o(.dtors)
 *(EXCLUDE_FILE(*crtend?.o *crtend.o) .dtors)
 *(SORT(.dtors.*))
 *(.dtors)

.jcr            0x0000000000412010        0x8
 *(.jcr)
 .jcr           0x0000000000412010        0x0 /home/wsj/share/code/gcc-linaro-aarch64-linux-gnu-4.9-2014.07_linux/bin/../lib/gcc/aarch64-linux-gnu/4.9.1/crtbegin.o
 .jcr           0x0000000000412010        0x8 /home/wsj/share/code/gcc-linaro-aarch64-linux-gnu-4.9-2014.07_linux/bin/../lib/gcc/aarch64-linux-gnu/4.9.1/crtend.o

.data.rel.ro
 *(.data.rel.ro.local* .gnu.linkonce.d.rel.ro.local.*)
 *(.data.rel.ro .data.rel.ro.* .gnu.linkonce.d.rel.ro.*)

.dynamic        0x0000000000412018      0x220
 *(.dynamic)
 .dynamic       0x0000000000412018      0x220 /home/wsj/share/code/gcc-linaro-aarch64-linux-gnu-4.9-2014.07_linux/bin/../aarch64-linux-gnu/libc/usr/lib/aarch64-linux-gnu/crt1.o
                0x0000000000412018                _DYNAMIC

.got            0x0000000000412238       0x38
 *(.got)
 .got           0x0000000000412238       0x38 /home/wsj/share/code/gcc-linaro-aarch64-linux-gnu-4.9-2014.07_linux/bin/../aarch64-linux-gnu/libc/usr/lib/aarch64-linux-gnu/crt1.o
                0x0000000000412238                _GLOBAL_OFFSET_TABLE_
 *(.igot)
                0x0000000000412270                . = DATA_SEGMENT_RELRO_END (., 0x18)

.got.plt        0x0000000000412270      0x118
 *(.got.plt)
 .got.plt       0x0000000000412270      0x118 /home/wsj/share/code/gcc-linaro-aarch64-linux-gnu-4.9-2014.07_linux/bin/../aarch64-linux-gnu/libc/usr/lib/aarch64-linux-gnu/crt1.o
 *(.igot.plt)
 .igot.plt      0x0000000000000000        0x0 /home/wsj/share/code/gcc-linaro-aarch64-linux-gnu-4.9-2014.07_linux/bin/../aarch64-linux-gnu/libc/usr/lib/aarch64-linux-gnu/crt1.o

.data           0x0000000000412388      0x174
                0x0000000000412388                PROVIDE (__data_start, .)
 *(.data .data.* .gnu.linkonce.d.*)
 .data          0x0000000000412388        0x4 /home/wsj/share/code/gcc-linaro-aarch64-linux-gnu-4.9-2014.07_linux/bin/../aarch64-linux-gnu/libc/usr/lib/aarch64-linux-gnu/crt1.o
                0x0000000000412388                data_start
                0x0000000000412388                __data_start
 .data          0x000000000041238c        0x0 /home/wsj/share/code/gcc-linaro-aarch64-linux-gnu-4.9-2014.07_linux/bin/../aarch64-linux-gnu/libc/usr/lib/aarch64-linux-gnu/crti.o
 *fill*         0x000000000041238c        0x4 
 .data          0x0000000000412390        0x8 /home/wsj/share/code/gcc-linaro-aarch64-linux-gnu-4.9-2014.07_linux/bin/../lib/gcc/aarch64-linux-gnu/4.9.1/crtbegin.o
                0x0000000000412390                __dso_handle
 .data          0x0000000000412398        0x0 out/Adu/obj/sw/socket/src/socket_server.o
 .data.g_server_port_tbl
                0x0000000000412398      0x160 out/Adu/obj/sw/socket/src/socket_server.o
                0x0000000000412398                g_server_port_tbl
 .data.g_epollfd
                0x00000000004124f8        0x4 out/Adu/obj/sw/socket/src/socket_server.o
                0x00000000004124f8                g_epollfd
 .data          0x00000000004124fc        0x0 /home/wsj/share/code/gcc-linaro-aarch64-linux-gnu-4.9-2014.07_linux/bin/../aarch64-linux-gnu/libc/usr/lib/aarch64-linux-gnu/libc_nonshared.a(elf-init.oS)
 .data          0x00000000004124fc        0x0 /home/wsj/share/code/gcc-linaro-aarch64-linux-gnu-4.9-2014.07_linux/bin/../lib/gcc/aarch64-linux-gnu/4.9.1/crtend.o
 .data          0x00000000004124fc        0x0 /home/wsj/share/code/gcc-linaro-aarch64-linux-gnu-4.9-2014.07_linux/bin/../aarch64-linux-gnu/libc/usr/lib/aarch64-linux-gnu/crtn.o

.tm_clone_table
                0x0000000000412500        0x0
 .tm_clone_table
                0x0000000000412500        0x0 /home/wsj/share/code/gcc-linaro-aarch64-linux-gnu-4.9-2014.07_linux/bin/../lib/gcc/aarch64-linux-gnu/4.9.1/crtbegin.o
 .tm_clone_table
                0x0000000000412500        0x0 /home/wsj/share/code/gcc-linaro-aarch64-linux-gnu-4.9-2014.07_linux/bin/../lib/gcc/aarch64-linux-gnu/4.9.1/crtend.o

.data1
 *(.data1)
                0x0000000000412500                _edata = .
                0x0000000000412500                PROVIDE (edata, .)
                0x0000000000412500                . = .
                0x0000000000412500                __bss_start = .
                0x0000000000412500                __bss_start__ = .

.bss            0x0000000000412500       0x10
 *(.dynbss)
 .dynbss        0x0000000000000000        0x0 /home/wsj/share/code/gcc-linaro-aarch64-linux-gnu-4.9-2014.07_linux/bin/../aarch64-linux-gnu/libc/usr/lib/aarch64-linux-gnu/crt1.o
 *(.bss .bss.* .gnu.linkonce.b.*)
 .bss           0x0000000000412500        0x0 /home/wsj/share/code/gcc-linaro-aarch64-linux-gnu-4.9-2014.07_linux/bin/../aarch64-linux-gnu/libc/usr/lib/aarch64-linux-gnu/crt1.o
 .bss           0x0000000000412500        0x0 /home/wsj/share/code/gcc-linaro-aarch64-linux-gnu-4.9-2014.07_linux/bin/../aarch64-linux-gnu/libc/usr/lib/aarch64-linux-gnu/crti.o
 .bss           0x0000000000412500        0x1 /home/wsj/share/code/gcc-linaro-aarch64-linux-gnu-4.9-2014.07_linux/bin/../lib/gcc/aarch64-linux-gnu/4.9.1/crtbegin.o
 .bss           0x0000000000412501        0x0 out/Adu/obj/sw/socket/src/socket_server.o
 *fill*         0x0000000000412501        0x7 
 .bss.g_events  0x0000000000412508        0x8 out/Adu/obj/sw/socket/src/socket_server.o
                0x0000000000412508                g_events
 .bss           0x0000000000412510        0x0 /home/wsj/share/code/gcc-linaro-aarch64-linux-gnu-4.9-2014.07_linux/bin/../aarch64-linux-gnu/libc/usr/lib/aarch64-linux-gnu/libc_nonshared.a(elf-init.oS)
 .bss           0x0000000000412510        0x0 /home/wsj/share/code/gcc-linaro-aarch64-linux-gnu-4.9-2014.07_linux/bin/../lib/gcc/aarch64-linux-gnu/4.9.1/crtend.o
 .bss           0x0000000000412510        0x0 /home/wsj/share/code/gcc-linaro-aarch64-linux-gnu-4.9-2014.07_linux/bin/../aarch64-linux-gnu/libc/usr/lib/aarch64-linux-gnu/crtn.o
 *(COMMON)
                0x0000000000412510                . = ALIGN ((. != 0x0)?0x8:0x1)
                0x0000000000412510                _bss_end__ = .
                0x0000000000412510                __bss_end__ = .
                0x0000000000412510                . = ALIGN (0x8)
                0x0000000000412510                . = SEGMENT_START ("ldata-segment", .)
                0x0000000000412510                . = ALIGN (0x8)
                0x0000000000412510                __end__ = .
                0x0000000000412510                _end = .
                0x0000000000412510                PROVIDE (end, .)
                0x0000000000412510                . = DATA_SEGMENT_END (.)

.stab
 *(.stab)

.stabstr
 *(.stabstr)

.stab.excl
 *(.stab.excl)

.stab.exclstr
 *(.stab.exclstr)

.stab.index
 *(.stab.index)

.stab.indexstr
 *(.stab.indexstr)

.comment        0x0000000000000000       0x63
 *(.comment)
 .comment       0x0000000000000000       0x63 out/Adu/obj/sw/socket/src/socket_server.o
                                         0x64 (size before relaxing)

.debug
 *(.debug)

.line
 *(.line)

.debug_srcinfo
 *(.debug_srcinfo)

.debug_sfnames
 *(.debug_sfnames)

.debug_aranges  0x0000000000000000       0x70
 *(.debug_aranges)
 .debug_aranges
                0x0000000000000000       0x70 out/Adu/obj/sw/socket/src/socket_server.o

.debug_pubnames
 *(.debug_pubnames)

.debug_info     0x0000000000000000     0x1e74
 *(.debug_info .gnu.linkonce.wi.*)
 .debug_info    0x0000000000000000     0x1e74 out/Adu/obj/sw/socket/src/socket_server.o

.debug_abbrev   0x0000000000000000      0x435
 *(.debug_abbrev)
 .debug_abbrev  0x0000000000000000      0x435 out/Adu/obj/sw/socket/src/socket_server.o

.debug_line     0x0000000000000000      0x543
 *(.debug_line .debug_line.* .debug_line_end)
 .debug_line    0x0000000000000000      0x543 out/Adu/obj/sw/socket/src/socket_server.o

.debug_frame    0x0000000000000000       0x68
 *(.debug_frame)
 .debug_frame   0x0000000000000000       0x68 /home/wsj/share/code/gcc-linaro-aarch64-linux-gnu-4.9-2014.07_linux/bin/../aarch64-linux-gnu/libc/usr/lib/aarch64-linux-gnu/libc_nonshared.a(elf-init.oS)

.debug_str      0x0000000000000000     0x191a
 *(.debug_str)
 .debug_str     0x0000000000000000     0x191a out/Adu/obj/sw/socket/src/socket_server.o
                                       0x19ce (size before relaxing)

.debug_loc      0x0000000000000000      0xb36
 *(.debug_loc)
 .debug_loc     0x0000000000000000      0xb36 out/Adu/obj/sw/socket/src/socket_server.o

.debug_macinfo
 *(.debug_macinfo)

.debug_weaknames
 *(.debug_weaknames)

.debug_funcnames
 *(.debug_funcnames)

.debug_typenames
 *(.debug_typenames)

.debug_varnames
 *(.debug_varnames)

.debug_pubtypes
 *(.debug_pubtypes)

.debug_ranges   0x0000000000000000      0x460
 *(.debug_ranges)
 .debug_ranges  0x0000000000000000      0x460 out/Adu/obj/sw/socket/src/socket_server.o

.debug_macro
 *(.debug_macro)

.ARM.attributes
 *(.ARM.attributes)
 *(.gnu.attributes)

.note.gnu.arm.ident
 *(.note.gnu.arm.ident)

/DISCARD/
 *(.note.GNU-stack)
 *(.gnu_debuglink)
 *(.gnu.lto_*)
OUTPUT(out/Adu/bin/server.elf elf64-littleaarch64)
